>>> 本地解析 ...
25-Sep-2026 17:14:45 INFO GEOparse - Parsing D:/2026.9/极速交付9月会员日优惠套路/05_多组学+虚拟敲除药物发现/方案三_脓毒症免疫失调枢纽基因与虚拟敲除药物重定位\01_data\GSE65682\GSE65682_family.soft.gz: 
25-Sep-2026 17:14:45 DEBUG GEOparse - DATABASE: GeoMiame
25-Sep-2026 17:14:45 DEBUG GEOparse - SERIES: GSE65682
25-Sep-2026 17:14:45 DEBUG GEOparse - PLATFORM: GPL13667
C:\Users\Administrator\.workbuddy\binaries\python\envs\default\Lib\site-packages\GEOparse\GEOparse.py:401: DtypeWarning: Columns (17) have mixed types. Specify dtype option on import or set low_memory=False.
  return read_csv(StringIO(data), index_col=None, sep="\t")
25-Sep-2026 17:14:57 DEBUG GEOparse - SAMPLE: GSM1602801
25-Sep-2026 17:14:57 DEBUG GEOparse - SAMPLE: GSM1602802
25-Sep-2026 17:14:58 DEBUG GEOparse - SAMPLE: GSM1602803
25-Sep-2026 17:14:58 DEBUG GEOparse - SAMPLE: GSM1602804
25-Sep-2026 17:14:58 DEBUG GEOparse - SAMPLE: GSM1602805
25-Sep-2026 17:14:58 DEBUG GEOparse - SAMPLE: GSM1602806
25-Sep-2026 17:14:58 DEBUG GEOparse - SAMPLE: GSM1602807
25-Sep-2026 17:14:58 DEBUG GEOparse - SAMPLE: GSM1602808
25-Sep-2026 17:14:58 DEBUG GEOparse - SAMPLE: GSM1602809
25-Sep-2026 17:14:58 DEBUG GEOparse - SAMPLE: GSM1602810
25-Sep-2026 17:14:58 DEBUG GEOparse - SAMPLE: GSM1602811
25-Sep-2026 17:14:58 DEBUG GEOparse - SAMPLE: GSM1602812
25-Sep-2026 17:14:58 DEBUG GEOparse - SAMPLE: GSM1602813
25-Sep-2026 17:14:58 DEBUG GEOparse - SAMPLE: GSM1602814
25-Sep-2026 17:14:58 DEBUG GEOparse - SAMPLE: GSM1602815
25-Sep-2026 17:14:58 DEBUG GEOparse - SAMPLE: GSM1602816
25-Sep-2026 17:14:58 DEBUG GEOparse - SAMPLE: GSM1602817
25-Sep-2026 17:14:58 DEBUG GEOparse - SAMPLE: GSM1602818
25-Sep-2026 17:14:59 DEBUG GEOparse - SAMPLE: GSM1602819
25-Sep-2026 17:14:59 DEBUG GEOparse - SAMPLE: GSM1602820
25-Sep-2026 17:14:59 DEBUG GEOparse - SAMPLE: GSM1602821
25-Sep-2026 17:14:59 DEBUG GEOparse - SAMPLE: GSM1602822
25-Sep-2026 17:14:59 DEBUG GEOparse - SAMPLE: GSM1602823
25-Sep-2026 17:14:59 DEBUG GEOparse - SAMPLE: GSM1602824
25-Sep-2026 17:14:59 DEBUG GEOparse - SAMPLE: GSM1602825
25-Sep-2026 17:14:59 DEBUG GEOparse - SAMPLE: GSM1602826
25-Sep-2026 17:14:59 DEBUG GEOparse - SAMPLE: GSM1602827
25-Sep-2026 17:14:59 DEBUG GEOparse - SAMPLE: GSM1602828
25-Sep-2026 17:14:59 DEBUG GEOparse - SAMPLE: GSM1602829
25-Sep-2026 17:14:59 DEBUG GEOparse - SAMPLE: GSM1602830
25-Sep-2026 17:14:59 DEBUG GEOparse - SAMPLE: GSM1602831
25-Sep-2026 17:14:59 DEBUG GEOparse - SAMPLE: GSM1602832
25-Sep-2026 17:14:59 DEBUG GEOparse - SAMPLE: GSM1602833
25-Sep-2026 17:14:59 DEBUG GEOparse - SAMPLE: GSM1602834
25-Sep-2026 17:14:59 DEBUG GEOparse - SAMPLE: GSM1602835
25-Sep-2026 17:14:59 DEBUG GEOparse - SAMPLE: GSM1602836
25-Sep-2026 17:14:59 DEBUG GEOparse - SAMPLE: GSM1602837
25-Sep-2026 17:14:59 DEBUG GEOparse - SAMPLE: GSM1602838
25-Sep-2026 17:15:00 DEBUG GEOparse - SAMPLE: GSM1602839
25-Sep-2026 17:15:00 DEBUG GEOparse - SAMPLE: GSM1602840
25-Sep-2026 17:15:00 DEBUG GEOparse - SAMPLE: GSM1602841
25-Sep-2026 17:15:00 DEBUG GEOparse - SAMPLE: GSM1602842
25-Sep-2026 17:15:00 DEBUG GEOparse - SAMPLE: GSM1602843
25-Sep-2026 17:15:00 DEBUG GEOparse - SAMPLE: GSM1602844
25-Sep-2026 17:15:00 DEBUG GEOparse - SAMPLE: GSM1602845
25-Sep-2026 17:15:00 DEBUG GEOparse - SAMPLE: GSM1602846
25-Sep-2026 17:15:00 DEBUG GEOparse - SAMPLE: GSM1602847
25-Sep-2026 17:15:00 DEBUG GEOparse - SAMPLE: GSM1602848
25-Sep-2026 17:15:00 DEBUG GEOparse - SAMPLE: GSM1602849
25-Sep-2026 17:15:00 DEBUG GEOparse - SAMPLE: GSM1602850
25-Sep-2026 17:15:00 DEBUG GEOparse - SAMPLE: GSM1602851
25-Sep-2026 17:15:00 DEBUG GEOparse - SAMPLE: GSM1602852
25-Sep-2026 17:15:00 DEBUG GEOparse - SAMPLE: GSM1602853
25-Sep-2026 17:15:00 DEBUG GEOparse - SAMPLE: GSM1602854
25-Sep-2026 17:15:01 DEBUG GEOparse - SAMPLE: GSM1602855
25-Sep-2026 17:15:01 DEBUG GEOparse - SAMPLE: GSM1602856
25-Sep-2026 17:15:01 DEBUG GEOparse - SAMPLE: GSM1602857
25-Sep-2026 17:15:01 DEBUG GEOparse - SAMPLE: GSM1602858
25-Sep-2026 17:15:01 DEBUG GEOparse - SAMPLE: GSM1602859
25-Sep-2026 17:15:01 DEBUG GEOparse - SAMPLE: GSM1602860
25-Sep-2026 17:15:01 DEBUG GEOparse - SAMPLE: GSM1602861
25-Sep-2026 17:15:01 DEBUG GEOparse - SAMPLE: GSM1602862
25-Sep-2026 17:15:01 DEBUG GEOparse - SAMPLE: GSM1602863
25-Sep-2026 17:15:01 DEBUG GEOparse - SAMPLE: GSM1602864
25-Sep-2026 17:15:01 DEBUG GEOparse - SAMPLE: GSM1602865
25-Sep-2026 17:15:01 DEBUG GEOparse - SAMPLE: GSM1602866
25-Sep-2026 17:15:01 DEBUG GEOparse - SAMPLE: GSM1602867
25-Sep-2026 17:15:01 DEBUG GEOparse - SAMPLE: GSM1602868
25-Sep-2026 17:15:01 DEBUG GEOparse - SAMPLE: GSM1602869
25-Sep-2026 17:15:01 DEBUG GEOparse - SAMPLE: GSM1602870
25-Sep-2026 17:15:01 DEBUG GEOparse - SAMPLE: GSM1602871
25-Sep-2026 17:15:02 DEBUG GEOparse - SAMPLE: GSM1602872
25-Sep-2026 17:15:02 DEBUG GEOparse - SAMPLE: GSM1602873
25-Sep-2026 17:15:02 DEBUG GEOparse - SAMPLE: GSM1602874
25-Sep-2026 17:15:02 DEBUG GEOparse - SAMPLE: GSM1602875
25-Sep-2026 17:15:02 DEBUG GEOparse - SAMPLE: GSM1602876
25-Sep-2026 17:15:02 DEBUG GEOparse - SAMPLE: GSM1602877
25-Sep-2026 17:15:02 DEBUG GEOparse - SAMPLE: GSM1602878
25-Sep-2026 17:15:02 DEBUG GEOparse - SAMPLE: GSM1602879
25-Sep-2026 17:15:02 DEBUG GEOparse - SAMPLE: GSM1602880
25-Sep-2026 17:15:02 DEBUG GEOparse - SAMPLE: GSM1602881
25-Sep-2026 17:15:02 DEBUG GEOparse - SAMPLE: GSM1602882
25-Sep-2026 17:15:02 DEBUG GEOparse - SAMPLE: GSM1602883
25-Sep-2026 17:15:02 DEBUG GEOparse - SAMPLE: GSM1602884
25-Sep-2026 17:15:02 DEBUG GEOparse - SAMPLE: GSM1602885
25-Sep-2026 17:15:02 DEBUG GEOparse - SAMPLE: GSM1602886
25-Sep-2026 17:15:02 DEBUG GEOparse - SAMPLE: GSM1602887
25-Sep-2026 17:15:02 DEBUG GEOparse - SAMPLE: GSM1602888
25-Sep-2026 17:15:02 DEBUG GEOparse - SAMPLE: GSM1602889
25-Sep-2026 17:15:02 DEBUG GEOparse - SAMPLE: GSM1602890
25-Sep-2026 17:15:03 DEBUG GEOparse - SAMPLE: GSM1602891
25-Sep-2026 17:15:03 DEBUG GEOparse - SAMPLE: GSM1602892
25-Sep-2026 17:15:03 DEBUG GEOparse - SAMPLE: GSM1602893
25-Sep-2026 17:15:03 DEBUG GEOparse - SAMPLE: GSM1602894
25-Sep-2026 17:15:03 DEBUG GEOparse - SAMPLE: GSM1602895
25-Sep-2026 17:15:03 DEBUG GEOparse - SAMPLE: GSM1602896
25-Sep-2026 17:15:03 DEBUG GEOparse - SAMPLE: GSM1602897
25-Sep-2026 17:15:03 DEBUG GEOparse - SAMPLE: GSM1602898
25-Sep-2026 17:15:03 DEBUG GEOparse - SAMPLE: GSM1602899
25-Sep-2026 17:15:03 DEBUG GEOparse - SAMPLE: GSM1602900
25-Sep-2026 17:15:03 DEBUG GEOparse - SAMPLE: GSM1602901
25-Sep-2026 17:15:03 DEBUG GEOparse - SAMPLE: GSM1602902
25-Sep-2026 17:15:03 DEBUG GEOparse - SAMPLE: GSM1602903
25-Sep-2026 17:15:03 DEBUG GEOparse - SAMPLE: GSM1602904
25-Sep-2026 17:15:03 DEBUG GEOparse - SAMPLE: GSM1602905
25-Sep-2026 17:15:03 DEBUG GEOparse - SAMPLE: GSM1602906
25-Sep-2026 17:15:03 DEBUG GEOparse - SAMPLE: GSM1602907
25-Sep-2026 17:15:03 DEBUG GEOparse - SAMPLE: GSM1602908
25-Sep-2026 17:15:03 DEBUG GEOparse - SAMPLE: GSM1602909
25-Sep-2026 17:15:03 DEBUG GEOparse - SAMPLE: GSM1602910
25-Sep-2026 17:15:03 DEBUG GEOparse - SAMPLE: GSM1602911
25-Sep-2026 17:15:03 DEBUG GEOparse - SAMPLE: GSM1602912
25-Sep-2026 17:15:03 DEBUG GEOparse - SAMPLE: GSM1602913
25-Sep-2026 17:15:03 DEBUG GEOparse - SAMPLE: GSM1602914
25-Sep-2026 17:15:04 DEBUG GEOparse - SAMPLE: GSM1602915
25-Sep-2026 17:15:04 DEBUG GEOparse - SAMPLE: GSM1602916
25-Sep-2026 17:15:04 DEBUG GEOparse - SAMPLE: GSM1602917
25-Sep-2026 17:15:04 DEBUG GEOparse - SAMPLE: GSM1602918
25-Sep-2026 17:15:04 DEBUG GEOparse - SAMPLE: GSM1602919
25-Sep-2026 17:15:04 DEBUG GEOparse - SAMPLE: GSM1602920
25-Sep-2026 17:15:04 DEBUG GEOparse - SAMPLE: GSM1602921
25-Sep-2026 17:15:04 DEBUG GEOparse - SAMPLE: GSM1602922
25-Sep-2026 17:15:04 DEBUG GEOparse - SAMPLE: GSM1602923
25-Sep-2026 17:15:04 DEBUG GEOparse - SAMPLE: GSM1602924
25-Sep-2026 17:15:04 DEBUG GEOparse - SAMPLE: GSM1602925
25-Sep-2026 17:15:04 DEBUG GEOparse - SAMPLE: GSM1602926
25-Sep-2026 17:15:04 DEBUG GEOparse - SAMPLE: GSM1602927
25-Sep-2026 17:15:04 DEBUG GEOparse - SAMPLE: GSM1602928
25-Sep-2026 17:15:04 DEBUG GEOparse - SAMPLE: GSM1602929
25-Sep-2026 17:15:04 DEBUG GEOparse - SAMPLE: GSM1602930
25-Sep-2026 17:15:04 DEBUG GEOparse - SAMPLE: GSM1602931
25-Sep-2026 17:15:04 DEBUG GEOparse - SAMPLE: GSM1602932
25-Sep-2026 17:15:04 DEBUG GEOparse - SAMPLE: GSM1602933
25-Sep-2026 17:15:04 DEBUG GEOparse - SAMPLE: GSM1602934
25-Sep-2026 17:15:04 DEBUG GEOparse - SAMPLE: GSM1602935
25-Sep-2026 17:15:04 DEBUG GEOparse - SAMPLE: GSM1602936
25-Sep-2026 17:15:04 DEBUG GEOparse - SAMPLE: GSM1602937
25-Sep-2026 17:15:04 DEBUG GEOparse - SAMPLE: GSM1602938
25-Sep-2026 17:15:04 DEBUG GEOparse - SAMPLE: GSM1602939
25-Sep-2026 17:15:05 DEBUG GEOparse - SAMPLE: GSM1602940
25-Sep-2026 17:15:05 DEBUG GEOparse - SAMPLE: GSM1602941
25-Sep-2026 17:15:05 DEBUG GEOparse - SAMPLE: GSM1602942
25-Sep-2026 17:15:05 DEBUG GEOparse - SAMPLE: GSM1602943
25-Sep-2026 17:15:05 DEBUG GEOparse - SAMPLE: GSM1602944
25-Sep-2026 17:15:05 DEBUG GEOparse - SAMPLE: GSM1602945
25-Sep-2026 17:15:05 DEBUG GEOparse - SAMPLE: GSM1602946
25-Sep-2026 17:15:05 DEBUG GEOparse - SAMPLE: GSM1602947
25-Sep-2026 17:15:05 DEBUG GEOparse - SAMPLE: GSM1602948
25-Sep-2026 17:15:05 DEBUG GEOparse - SAMPLE: GSM1602949
25-Sep-2026 17:15:05 DEBUG GEOparse - SAMPLE: GSM1602950
25-Sep-2026 17:15:05 DEBUG GEOparse - SAMPLE: GSM1602951
25-Sep-2026 17:15:05 DEBUG GEOparse - SAMPLE: GSM1602952
25-Sep-2026 17:15:05 DEBUG GEOparse - SAMPLE: GSM1602953
25-Sep-2026 17:15:05 DEBUG GEOparse - SAMPLE: GSM1602954
25-Sep-2026 17:15:05 DEBUG GEOparse - SAMPLE: GSM1602955
25-Sep-2026 17:15:05 DEBUG GEOparse - SAMPLE: GSM1602956
25-Sep-2026 17:15:05 DEBUG GEOparse - SAMPLE: GSM1602957
25-Sep-2026 17:15:05 DEBUG GEOparse - SAMPLE: GSM1602958
25-Sep-2026 17:15:05 DEBUG GEOparse - SAMPLE: GSM1602959
25-Sep-2026 17:15:05 DEBUG GEOparse - SAMPLE: GSM1602960
25-Sep-2026 17:15:05 DEBUG GEOparse - SAMPLE: GSM1602961
25-Sep-2026 17:15:05 DEBUG GEOparse - SAMPLE: GSM1602962
25-Sep-2026 17:15:06 DEBUG GEOparse - SAMPLE: GSM1602963
25-Sep-2026 17:15:06 DEBUG GEOparse - SAMPLE: GSM1602964
25-Sep-2026 17:15:06 DEBUG GEOparse - SAMPLE: GSM1602965
25-Sep-2026 17:15:06 DEBUG GEOparse - SAMPLE: GSM1602966
25-Sep-2026 17:15:06 DEBUG GEOparse - SAMPLE: GSM1602967
25-Sep-2026 17:15:06 DEBUG GEOparse - SAMPLE: GSM1602968
25-Sep-2026 17:15:06 DEBUG GEOparse - SAMPLE: GSM1602969
25-Sep-2026 17:15:06 DEBUG GEOparse - SAMPLE: GSM1602970
25-Sep-2026 17:15:06 DEBUG GEOparse - SAMPLE: GSM1602971
25-Sep-2026 17:15:06 DEBUG GEOparse - SAMPLE: GSM1602972
25-Sep-2026 17:15:06 DEBUG GEOparse - SAMPLE: GSM1602973
25-Sep-2026 17:15:06 DEBUG GEOparse - SAMPLE: GSM1602974
25-Sep-2026 17:15:06 DEBUG GEOparse - SAMPLE: GSM1602975
25-Sep-2026 17:15:06 DEBUG GEOparse - SAMPLE: GSM1602976
25-Sep-2026 17:15:06 DEBUG GEOparse - SAMPLE: GSM1691861
25-Sep-2026 17:15:06 DEBUG GEOparse - SAMPLE: GSM1691862
25-Sep-2026 17:15:06 DEBUG GEOparse - SAMPLE: GSM1691863
25-Sep-2026 17:15:06 DEBUG GEOparse - SAMPLE: GSM1691864
25-Sep-2026 17:15:06 DEBUG GEOparse - SAMPLE: GSM1691865
25-Sep-2026 17:15:06 DEBUG GEOparse - SAMPLE: GSM1691866
25-Sep-2026 17:15:06 DEBUG GEOparse - SAMPLE: GSM1691867
25-Sep-2026 17:15:07 DEBUG GEOparse - SAMPLE: GSM1691868
25-Sep-2026 17:15:07 DEBUG GEOparse - SAMPLE: GSM1691869
25-Sep-2026 17:15:07 DEBUG GEOparse - SAMPLE: GSM1691870
25-Sep-2026 17:15:07 DEBUG GEOparse - SAMPLE: GSM1691871
25-Sep-2026 17:15:07 DEBUG GEOparse - SAMPLE: GSM1691873
25-Sep-2026 17:15:07 DEBUG GEOparse - SAMPLE: GSM1691874
25-Sep-2026 17:15:07 DEBUG GEOparse - SAMPLE: GSM1691875
25-Sep-2026 17:15:07 DEBUG GEOparse - SAMPLE: GSM1691876
25-Sep-2026 17:15:07 DEBUG GEOparse - SAMPLE: GSM1691877
25-Sep-2026 17:15:07 DEBUG GEOparse - SAMPLE: GSM1691878
25-Sep-2026 17:15:07 DEBUG GEOparse - SAMPLE: GSM1691879
25-Sep-2026 17:15:07 DEBUG GEOparse - SAMPLE: GSM1691880
25-Sep-2026 17:15:07 DEBUG GEOparse - SAMPLE: GSM1691881
25-Sep-2026 17:15:07 DEBUG GEOparse - SAMPLE: GSM1691882
25-Sep-2026 17:15:07 DEBUG GEOparse - SAMPLE: GSM1691883
25-Sep-2026 17:15:07 DEBUG GEOparse - SAMPLE: GSM1691884
25-Sep-2026 17:15:07 DEBUG GEOparse - SAMPLE: GSM1691885
25-Sep-2026 17:15:07 DEBUG GEOparse - SAMPLE: GSM1691886
25-Sep-2026 17:15:07 DEBUG GEOparse - SAMPLE: GSM1691887
25-Sep-2026 17:15:07 DEBUG GEOparse - SAMPLE: GSM1691888
25-Sep-2026 17:15:08 DEBUG GEOparse - SAMPLE: GSM1691889
25-Sep-2026 17:15:08 DEBUG GEOparse - SAMPLE: GSM1691890
25-Sep-2026 17:15:08 DEBUG GEOparse - SAMPLE: GSM1691891
25-Sep-2026 17:15:08 DEBUG GEOparse - SAMPLE: GSM1691892
25-Sep-2026 17:15:08 DEBUG GEOparse - SAMPLE: GSM1691893
25-Sep-2026 17:15:08 DEBUG GEOparse - SAMPLE: GSM1691894
25-Sep-2026 17:15:08 DEBUG GEOparse - SAMPLE: GSM1691895
25-Sep-2026 17:15:08 DEBUG GEOparse - SAMPLE: GSM1691896
25-Sep-2026 17:15:08 DEBUG GEOparse - SAMPLE: GSM1691897
25-Sep-2026 17:15:08 DEBUG GEOparse - SAMPLE: GSM1691898
25-Sep-2026 17:15:08 DEBUG GEOparse - SAMPLE: GSM1691899
25-Sep-2026 17:15:08 DEBUG GEOparse - SAMPLE: GSM1691900
25-Sep-2026 17:15:08 DEBUG GEOparse - SAMPLE: GSM1691901
25-Sep-2026 17:15:08 DEBUG GEOparse - SAMPLE: GSM1691902
25-Sep-2026 17:15:08 DEBUG GEOparse - SAMPLE: GSM1691903
25-Sep-2026 17:15:08 DEBUG GEOparse - SAMPLE: GSM1691904
25-Sep-2026 17:15:08 DEBUG GEOparse - SAMPLE: GSM1691905
25-Sep-2026 17:15:08 DEBUG GEOparse - SAMPLE: GSM1691906
25-Sep-2026 17:15:09 DEBUG GEOparse - SAMPLE: GSM1691907
25-Sep-2026 17:15:09 DEBUG GEOparse - SAMPLE: GSM1691908
25-Sep-2026 17:15:09 DEBUG GEOparse - SAMPLE: GSM1691909
25-Sep-2026 17:15:09 DEBUG GEOparse - SAMPLE: GSM1691910
25-Sep-2026 17:15:09 DEBUG GEOparse - SAMPLE: GSM1691911
25-Sep-2026 17:15:09 DEBUG GEOparse - SAMPLE: GSM1691912
25-Sep-2026 17:15:09 DEBUG GEOparse - SAMPLE: GSM1691913
25-Sep-2026 17:15:09 DEBUG GEOparse - SAMPLE: GSM1691914
25-Sep-2026 17:15:09 DEBUG GEOparse - SAMPLE: GSM1691915
25-Sep-2026 17:15:09 DEBUG GEOparse - SAMPLE: GSM1691916
25-Sep-2026 17:15:09 DEBUG GEOparse - SAMPLE: GSM1691917
25-Sep-2026 17:15:09 DEBUG GEOparse - SAMPLE: GSM1691918
25-Sep-2026 17:15:09 DEBUG GEOparse - SAMPLE: GSM1691919
25-Sep-2026 17:15:09 DEBUG GEOparse - SAMPLE: GSM1691920
25-Sep-2026 17:15:09 DEBUG GEOparse - SAMPLE: GSM1691921
25-Sep-2026 17:15:09 DEBUG GEOparse - SAMPLE: GSM1691922
25-Sep-2026 17:15:09 DEBUG GEOparse - SAMPLE: GSM1691923
25-Sep-2026 17:15:09 DEBUG GEOparse - SAMPLE: GSM1691924
25-Sep-2026 17:15:09 DEBUG GEOparse - SAMPLE: GSM1691925
25-Sep-2026 17:15:09 DEBUG GEOparse - SAMPLE: GSM1691926
25-Sep-2026 17:15:09 DEBUG GEOparse - SAMPLE: GSM1691927
25-Sep-2026 17:15:09 DEBUG GEOparse - SAMPLE: GSM1691928
25-Sep-2026 17:15:10 DEBUG GEOparse - SAMPLE: GSM1691929
25-Sep-2026 17:15:10 DEBUG GEOparse - SAMPLE: GSM1691930
25-Sep-2026 17:15:10 DEBUG GEOparse - SAMPLE: GSM1691932
25-Sep-2026 17:15:10 DEBUG GEOparse - SAMPLE: GSM1691933
25-Sep-2026 17:15:10 DEBUG GEOparse - SAMPLE: GSM1691934
25-Sep-2026 17:15:10 DEBUG GEOparse - SAMPLE: GSM1691935
25-Sep-2026 17:15:10 DEBUG GEOparse - SAMPLE: GSM1691936
25-Sep-2026 17:15:10 DEBUG GEOparse - SAMPLE: GSM1691937
25-Sep-2026 17:15:10 DEBUG GEOparse - SAMPLE: GSM1691938
25-Sep-2026 17:15:10 DEBUG GEOparse - SAMPLE: GSM1691939
25-Sep-2026 17:15:10 DEBUG GEOparse - SAMPLE: GSM1691940
25-Sep-2026 17:15:10 DEBUG GEOparse - SAMPLE: GSM1691941
25-Sep-2026 17:15:10 DEBUG GEOparse - SAMPLE: GSM1691942
25-Sep-2026 17:15:10 DEBUG GEOparse - SAMPLE: GSM1691943
25-Sep-2026 17:15:10 DEBUG GEOparse - SAMPLE: GSM1691944
25-Sep-2026 17:15:10 DEBUG GEOparse - SAMPLE: GSM1691945
25-Sep-2026 17:15:10 DEBUG GEOparse - SAMPLE: GSM1691946
25-Sep-2026 17:15:10 DEBUG GEOparse - SAMPLE: GSM1691947
25-Sep-2026 17:15:10 DEBUG GEOparse - SAMPLE: GSM1691948
25-Sep-2026 17:15:10 DEBUG GEOparse - SAMPLE: GSM1691949
25-Sep-2026 17:15:11 DEBUG GEOparse - SAMPLE: GSM1691950
25-Sep-2026 17:15:11 DEBUG GEOparse - SAMPLE: GSM1691951
25-Sep-2026 17:15:11 DEBUG GEOparse - SAMPLE: GSM1691952
25-Sep-2026 17:15:11 DEBUG GEOparse - SAMPLE: GSM1691953
25-Sep-2026 17:15:11 DEBUG GEOparse - SAMPLE: GSM1691954
25-Sep-2026 17:15:11 DEBUG GEOparse - SAMPLE: GSM1691955
25-Sep-2026 17:15:11 DEBUG GEOparse - SAMPLE: GSM1691957
25-Sep-2026 17:15:11 DEBUG GEOparse - SAMPLE: GSM1691958
25-Sep-2026 17:15:11 DEBUG GEOparse - SAMPLE: GSM1691959
25-Sep-2026 17:15:11 DEBUG GEOparse - SAMPLE: GSM1691960
25-Sep-2026 17:15:11 DEBUG GEOparse - SAMPLE: GSM1691961
25-Sep-2026 17:15:11 DEBUG GEOparse - SAMPLE: GSM1691962
25-Sep-2026 17:15:11 DEBUG GEOparse - SAMPLE: GSM1691963
25-Sep-2026 17:15:11 DEBUG GEOparse - SAMPLE: GSM1691964
25-Sep-2026 17:15:11 DEBUG GEOparse - SAMPLE: GSM1691965
25-Sep-2026 17:15:11 DEBUG GEOparse - SAMPLE: GSM1691966
25-Sep-2026 17:15:11 DEBUG GEOparse - SAMPLE: GSM1691967
25-Sep-2026 17:15:11 DEBUG GEOparse - SAMPLE: GSM1691968
25-Sep-2026 17:15:11 DEBUG GEOparse - SAMPLE: GSM1691969
25-Sep-2026 17:15:12 DEBUG GEOparse - SAMPLE: GSM1691970
25-Sep-2026 17:15:12 DEBUG GEOparse - SAMPLE: GSM1691971
25-Sep-2026 17:15:12 DEBUG GEOparse - SAMPLE: GSM1691972
25-Sep-2026 17:15:12 DEBUG GEOparse - SAMPLE: GSM1691973
25-Sep-2026 17:15:12 DEBUG GEOparse - SAMPLE: GSM1691974
25-Sep-2026 17:15:12 DEBUG GEOparse - SAMPLE: GSM1691975
25-Sep-2026 17:15:12 DEBUG GEOparse - SAMPLE: GSM1691976
25-Sep-2026 17:15:12 DEBUG GEOparse - SAMPLE: GSM1691977
25-Sep-2026 17:15:12 DEBUG GEOparse - SAMPLE: GSM1691978
25-Sep-2026 17:15:12 DEBUG GEOparse - SAMPLE: GSM1691979
25-Sep-2026 17:15:12 DEBUG GEOparse - SAMPLE: GSM1691980
25-Sep-2026 17:15:12 DEBUG GEOparse - SAMPLE: GSM1691981
25-Sep-2026 17:15:12 DEBUG GEOparse - SAMPLE: GSM1691982
25-Sep-2026 17:15:12 DEBUG GEOparse - SAMPLE: GSM1691983
25-Sep-2026 17:15:12 DEBUG GEOparse - SAMPLE: GSM1691984
25-Sep-2026 17:15:12 DEBUG GEOparse - SAMPLE: GSM1691985
25-Sep-2026 17:15:12 DEBUG GEOparse - SAMPLE: GSM1691986
25-Sep-2026 17:15:12 DEBUG GEOparse - SAMPLE: GSM1691987
25-Sep-2026 17:15:12 DEBUG GEOparse - SAMPLE: GSM1691988
25-Sep-2026 17:15:12 DEBUG GEOparse - SAMPLE: GSM1691989
25-Sep-2026 17:15:12 DEBUG GEOparse - SAMPLE: GSM1691990
25-Sep-2026 17:15:13 DEBUG GEOparse - SAMPLE: GSM1691991
25-Sep-2026 17:15:13 DEBUG GEOparse - SAMPLE: GSM1691992
25-Sep-2026 17:15:13 DEBUG GEOparse - SAMPLE: GSM1691993
25-Sep-2026 17:15:13 DEBUG GEOparse - SAMPLE: GSM1691994
25-Sep-2026 17:15:13 DEBUG GEOparse - SAMPLE: GSM1691995
25-Sep-2026 17:15:13 DEBUG GEOparse - SAMPLE: GSM1691996
25-Sep-2026 17:15:13 DEBUG GEOparse - SAMPLE: GSM1691997
25-Sep-2026 17:15:13 DEBUG GEOparse - SAMPLE: GSM1691998
25-Sep-2026 17:15:13 DEBUG GEOparse - SAMPLE: GSM1691999
25-Sep-2026 17:15:13 DEBUG GEOparse - SAMPLE: GSM1692000
25-Sep-2026 17:15:13 DEBUG GEOparse - SAMPLE: GSM1692001
25-Sep-2026 17:15:13 DEBUG GEOparse - SAMPLE: GSM1692002
25-Sep-2026 17:15:13 DEBUG GEOparse - SAMPLE: GSM1692003
25-Sep-2026 17:15:13 DEBUG GEOparse - SAMPLE: GSM1692004
25-Sep-2026 17:15:13 DEBUG GEOparse - SAMPLE: GSM1692005
25-Sep-2026 17:15:13 DEBUG GEOparse - SAMPLE: GSM1692006
25-Sep-2026 17:15:13 DEBUG GEOparse - SAMPLE: GSM1692007
25-Sep-2026 17:15:13 DEBUG GEOparse - SAMPLE: GSM1692008
25-Sep-2026 17:15:13 DEBUG GEOparse - SAMPLE: GSM1692009
25-Sep-2026 17:15:14 DEBUG GEOparse - SAMPLE: GSM1692010
25-Sep-2026 17:15:14 DEBUG GEOparse - SAMPLE: GSM1692011
25-Sep-2026 17:15:14 DEBUG GEOparse - SAMPLE: GSM1692012
25-Sep-2026 17:15:14 DEBUG GEOparse - SAMPLE: GSM1692015
25-Sep-2026 17:15:14 DEBUG GEOparse - SAMPLE: GSM1692016
25-Sep-2026 17:15:14 DEBUG GEOparse - SAMPLE: GSM1692017
25-Sep-2026 17:15:14 DEBUG GEOparse - SAMPLE: GSM1692018
25-Sep-2026 17:15:14 DEBUG GEOparse - SAMPLE: GSM1692019
25-Sep-2026 17:15:14 DEBUG GEOparse - SAMPLE: GSM1692020
25-Sep-2026 17:15:14 DEBUG GEOparse - SAMPLE: GSM1692021
25-Sep-2026 17:15:14 DEBUG GEOparse - SAMPLE: GSM1692022
25-Sep-2026 17:15:14 DEBUG GEOparse - SAMPLE: GSM1692023
25-Sep-2026 17:15:14 DEBUG GEOparse - SAMPLE: GSM1692024
25-Sep-2026 17:15:14 DEBUG GEOparse - SAMPLE: GSM1692025
25-Sep-2026 17:15:14 DEBUG GEOparse - SAMPLE: GSM1692026
25-Sep-2026 17:15:14 DEBUG GEOparse - SAMPLE: GSM1692027
25-Sep-2026 17:15:14 DEBUG GEOparse - SAMPLE: GSM1692028
25-Sep-2026 17:15:14 DEBUG GEOparse - SAMPLE: GSM1692029
25-Sep-2026 17:15:14 DEBUG GEOparse - SAMPLE: GSM1692030
25-Sep-2026 17:15:14 DEBUG GEOparse - SAMPLE: GSM1692032
25-Sep-2026 17:15:14 DEBUG GEOparse - SAMPLE: GSM1692033
25-Sep-2026 17:15:15 DEBUG GEOparse - SAMPLE: GSM1692034
25-Sep-2026 17:15:15 DEBUG GEOparse - SAMPLE: GSM1692035
25-Sep-2026 17:15:15 DEBUG GEOparse - SAMPLE: GSM1692036
25-Sep-2026 17:15:15 DEBUG GEOparse - SAMPLE: GSM1692037
25-Sep-2026 17:15:15 DEBUG GEOparse - SAMPLE: GSM1692038
25-Sep-2026 17:15:15 DEBUG GEOparse - SAMPLE: GSM1692039
25-Sep-2026 17:15:15 DEBUG GEOparse - SAMPLE: GSM1692040
25-Sep-2026 17:15:15 DEBUG GEOparse - SAMPLE: GSM1692041
25-Sep-2026 17:15:15 DEBUG GEOparse - SAMPLE: GSM1692042
25-Sep-2026 17:15:15 DEBUG GEOparse - SAMPLE: GSM1692043
25-Sep-2026 17:15:15 DEBUG GEOparse - SAMPLE: GSM1692044
25-Sep-2026 17:15:15 DEBUG GEOparse - SAMPLE: GSM1692045
25-Sep-2026 17:15:15 DEBUG GEOparse - SAMPLE: GSM1692046
25-Sep-2026 17:15:15 DEBUG GEOparse - SAMPLE: GSM1692047
25-Sep-2026 17:15:15 DEBUG GEOparse - SAMPLE: GSM1692048
25-Sep-2026 17:15:15 DEBUG GEOparse - SAMPLE: GSM1692049
25-Sep-2026 17:15:15 DEBUG GEOparse - SAMPLE: GSM1692050
25-Sep-2026 17:15:15 DEBUG GEOparse - SAMPLE: GSM1692051
25-Sep-2026 17:15:15 DEBUG GEOparse - SAMPLE: GSM1692052
25-Sep-2026 17:15:15 DEBUG GEOparse - SAMPLE: GSM1692053
25-Sep-2026 17:15:16 DEBUG GEOparse - SAMPLE: GSM1692054
25-Sep-2026 17:15:16 DEBUG GEOparse - SAMPLE: GSM1692055
25-Sep-2026 17:15:16 DEBUG GEOparse - SAMPLE: GSM1692056
25-Sep-2026 17:15:16 DEBUG GEOparse - SAMPLE: GSM1692057
25-Sep-2026 17:15:16 DEBUG GEOparse - SAMPLE: GSM1692058
25-Sep-2026 17:15:16 DEBUG GEOparse - SAMPLE: GSM1692059
25-Sep-2026 17:15:16 DEBUG GEOparse - SAMPLE: GSM1692060
25-Sep-2026 17:15:16 DEBUG GEOparse - SAMPLE: GSM1692061
25-Sep-2026 17:15:16 DEBUG GEOparse - SAMPLE: GSM1692062
25-Sep-2026 17:15:16 DEBUG GEOparse - SAMPLE: GSM1692063
25-Sep-2026 17:15:16 DEBUG GEOparse - SAMPLE: GSM1692064
25-Sep-2026 17:15:16 DEBUG GEOparse - SAMPLE: GSM1692065
25-Sep-2026 17:15:16 DEBUG GEOparse - SAMPLE: GSM1692066
25-Sep-2026 17:15:16 DEBUG GEOparse - SAMPLE: GSM1692067
25-Sep-2026 17:15:16 DEBUG GEOparse - SAMPLE: GSM1692068
25-Sep-2026 17:15:16 DEBUG GEOparse - SAMPLE: GSM1692069
25-Sep-2026 17:15:16 DEBUG GEOparse - SAMPLE: GSM1692070
25-Sep-2026 17:15:16 DEBUG GEOparse - SAMPLE: GSM1692071
25-Sep-2026 17:15:16 DEBUG GEOparse - SAMPLE: GSM1692072
25-Sep-2026 17:15:16 DEBUG GEOparse - SAMPLE: GSM1692073
25-Sep-2026 17:15:17 DEBUG GEOparse - SAMPLE: GSM1692074
25-Sep-2026 17:15:17 DEBUG GEOparse - SAMPLE: GSM1692075
25-Sep-2026 17:15:17 DEBUG GEOparse - SAMPLE: GSM1692077
25-Sep-2026 17:15:17 DEBUG GEOparse - SAMPLE: GSM1692078
25-Sep-2026 17:15:17 DEBUG GEOparse - SAMPLE: GSM1692079
25-Sep-2026 17:15:17 DEBUG GEOparse - SAMPLE: GSM1692080
25-Sep-2026 17:15:17 DEBUG GEOparse - SAMPLE: GSM1692081
25-Sep-2026 17:15:17 DEBUG GEOparse - SAMPLE: GSM1692082
25-Sep-2026 17:15:17 DEBUG GEOparse - SAMPLE: GSM1692083
25-Sep-2026 17:15:17 DEBUG GEOparse - SAMPLE: GSM1692084
25-Sep-2026 17:15:17 DEBUG GEOparse - SAMPLE: GSM1692085
25-Sep-2026 17:15:17 DEBUG GEOparse - SAMPLE: GSM1692086
25-Sep-2026 17:15:17 DEBUG GEOparse - SAMPLE: GSM1692087
25-Sep-2026 17:15:17 DEBUG GEOparse - SAMPLE: GSM1692088
25-Sep-2026 17:15:17 DEBUG GEOparse - SAMPLE: GSM1692089
25-Sep-2026 17:15:17 DEBUG GEOparse - SAMPLE: GSM1692090
25-Sep-2026 17:15:17 DEBUG GEOparse - SAMPLE: GSM1692091
25-Sep-2026 17:15:17 DEBUG GEOparse - SAMPLE: GSM1692092
25-Sep-2026 17:15:17 DEBUG GEOparse - SAMPLE: GSM1692093
25-Sep-2026 17:15:17 DEBUG GEOparse - SAMPLE: GSM1692094
25-Sep-2026 17:15:17 DEBUG GEOparse - SAMPLE: GSM1692095
25-Sep-2026 17:15:18 DEBUG GEOparse - SAMPLE: GSM1692096
25-Sep-2026 17:15:18 DEBUG GEOparse - SAMPLE: GSM1692097
25-Sep-2026 17:15:18 DEBUG GEOparse - SAMPLE: GSM1692098
25-Sep-2026 17:15:18 DEBUG GEOparse - SAMPLE: GSM1692099
25-Sep-2026 17:15:18 DEBUG GEOparse - SAMPLE: GSM1692100
25-Sep-2026 17:15:18 DEBUG GEOparse - SAMPLE: GSM1692101
25-Sep-2026 17:15:18 DEBUG GEOparse - SAMPLE: GSM1692102
25-Sep-2026 17:15:18 DEBUG GEOparse - SAMPLE: GSM1692103
25-Sep-2026 17:15:18 DEBUG GEOparse - SAMPLE: GSM1692104
25-Sep-2026 17:15:18 DEBUG GEOparse - SAMPLE: GSM1692105
25-Sep-2026 17:15:19 DEBUG GEOparse - SAMPLE: GSM1692106
25-Sep-2026 17:15:19 DEBUG GEOparse - SAMPLE: GSM1692107
25-Sep-2026 17:15:19 DEBUG GEOparse - SAMPLE: GSM1692108
25-Sep-2026 17:15:19 DEBUG GEOparse - SAMPLE: GSM1692109
25-Sep-2026 17:15:19 DEBUG GEOparse - SAMPLE: GSM1692110
25-Sep-2026 17:15:19 DEBUG GEOparse - SAMPLE: GSM1692111
25-Sep-2026 17:15:19 DEBUG GEOparse - SAMPLE: GSM1692112
25-Sep-2026 17:15:19 DEBUG GEOparse - SAMPLE: GSM1692114
25-Sep-2026 17:15:19 DEBUG GEOparse - SAMPLE: GSM1692115
25-Sep-2026 17:15:19 DEBUG GEOparse - SAMPLE: GSM1692116
25-Sep-2026 17:15:19 DEBUG GEOparse - SAMPLE: GSM1692117
25-Sep-2026 17:15:19 DEBUG GEOparse - SAMPLE: GSM1692118
25-Sep-2026 17:15:19 DEBUG GEOparse - SAMPLE: GSM1692119
25-Sep-2026 17:15:19 DEBUG GEOparse - SAMPLE: GSM1692120
25-Sep-2026 17:15:19 DEBUG GEOparse - SAMPLE: GSM1692121
25-Sep-2026 17:15:19 DEBUG GEOparse - SAMPLE: GSM1692122
25-Sep-2026 17:15:20 DEBUG GEOparse - SAMPLE: GSM1692123
25-Sep-2026 17:15:20 DEBUG GEOparse - SAMPLE: GSM1692124
25-Sep-2026 17:15:20 DEBUG GEOparse - SAMPLE: GSM1692125
25-Sep-2026 17:15:20 DEBUG GEOparse - SAMPLE: GSM1692126
25-Sep-2026 17:15:20 DEBUG GEOparse - SAMPLE: GSM1692127
25-Sep-2026 17:15:20 DEBUG GEOparse - SAMPLE: GSM1692128
25-Sep-2026 17:15:20 DEBUG GEOparse - SAMPLE: GSM1692129
25-Sep-2026 17:15:20 DEBUG GEOparse - SAMPLE: GSM1692130
25-Sep-2026 17:15:20 DEBUG GEOparse - SAMPLE: GSM1692131
25-Sep-2026 17:15:20 DEBUG GEOparse - SAMPLE: GSM1692132
25-Sep-2026 17:15:20 DEBUG GEOparse - SAMPLE: GSM1692133
25-Sep-2026 17:15:20 DEBUG GEOparse - SAMPLE: GSM1692135
25-Sep-2026 17:15:20 DEBUG GEOparse - SAMPLE: GSM1692136
25-Sep-2026 17:15:20 DEBUG GEOparse - SAMPLE: GSM1692137
25-Sep-2026 17:15:20 DEBUG GEOparse - SAMPLE: GSM1692138
25-Sep-2026 17:15:20 DEBUG GEOparse - SAMPLE: GSM1692139
25-Sep-2026 17:15:20 DEBUG GEOparse - SAMPLE: GSM1692140
25-Sep-2026 17:15:20 DEBUG GEOparse - SAMPLE: GSM1692141
25-Sep-2026 17:15:20 DEBUG GEOparse - SAMPLE: GSM1692142
25-Sep-2026 17:15:20 DEBUG GEOparse - SAMPLE: GSM1692143
25-Sep-2026 17:15:20 DEBUG GEOparse - SAMPLE: GSM1692144
25-Sep-2026 17:15:21 DEBUG GEOparse - SAMPLE: GSM1692145
25-Sep-2026 17:15:21 DEBUG GEOparse - SAMPLE: GSM1692146
25-Sep-2026 17:15:21 DEBUG GEOparse - SAMPLE: GSM1692147
25-Sep-2026 17:15:21 DEBUG GEOparse - SAMPLE: GSM1692148
25-Sep-2026 17:15:21 DEBUG GEOparse - SAMPLE: GSM1692149
25-Sep-2026 17:15:21 DEBUG GEOparse - SAMPLE: GSM1692150
25-Sep-2026 17:15:21 DEBUG GEOparse - SAMPLE: GSM1692151
25-Sep-2026 17:15:21 DEBUG GEOparse - SAMPLE: GSM1692152
25-Sep-2026 17:15:21 DEBUG GEOparse - SAMPLE: GSM1692153
25-Sep-2026 17:15:21 DEBUG GEOparse - SAMPLE: GSM1692154
25-Sep-2026 17:15:21 DEBUG GEOparse - SAMPLE: GSM1692155
25-Sep-2026 17:15:21 DEBUG GEOparse - SAMPLE: GSM1692156
25-Sep-2026 17:15:21 DEBUG GEOparse - SAMPLE: GSM1692157
25-Sep-2026 17:15:21 DEBUG GEOparse - SAMPLE: GSM1692158
25-Sep-2026 17:15:21 DEBUG GEOparse - SAMPLE: GSM1692159
25-Sep-2026 17:15:21 DEBUG GEOparse - SAMPLE: GSM1692160
25-Sep-2026 17:15:21 DEBUG GEOparse - SAMPLE: GSM1692161
25-Sep-2026 17:15:21 DEBUG GEOparse - SAMPLE: GSM1692162
25-Sep-2026 17:15:21 DEBUG GEOparse - SAMPLE: GSM1692163
25-Sep-2026 17:15:21 DEBUG GEOparse - SAMPLE: GSM1692164
25-Sep-2026 17:15:21 DEBUG GEOparse - SAMPLE: GSM1692165
25-Sep-2026 17:15:22 DEBUG GEOparse - SAMPLE: GSM1692166
25-Sep-2026 17:15:22 DEBUG GEOparse - SAMPLE: GSM1692167
25-Sep-2026 17:15:22 DEBUG GEOparse - SAMPLE: GSM1692168
25-Sep-2026 17:15:22 DEBUG GEOparse - SAMPLE: GSM1692169
25-Sep-2026 17:15:22 DEBUG GEOparse - SAMPLE: GSM1692170
25-Sep-2026 17:15:22 DEBUG GEOparse - SAMPLE: GSM1692171
25-Sep-2026 17:15:22 DEBUG GEOparse - SAMPLE: GSM1692172
25-Sep-2026 17:15:22 DEBUG GEOparse - SAMPLE: GSM1692173
25-Sep-2026 17:15:22 DEBUG GEOparse - SAMPLE: GSM1692174
25-Sep-2026 17:15:22 DEBUG GEOparse - SAMPLE: GSM1692175
25-Sep-2026 17:15:22 DEBUG GEOparse - SAMPLE: GSM1692176
25-Sep-2026 17:15:22 DEBUG GEOparse - SAMPLE: GSM1692177
25-Sep-2026 17:15:22 DEBUG GEOparse - SAMPLE: GSM1692178
25-Sep-2026 17:15:22 DEBUG GEOparse - SAMPLE: GSM1692179
25-Sep-2026 17:15:22 DEBUG GEOparse - SAMPLE: GSM1692180
25-Sep-2026 17:15:22 DEBUG GEOparse - SAMPLE: GSM1692181
25-Sep-2026 17:15:22 DEBUG GEOparse - SAMPLE: GSM1692182
25-Sep-2026 17:15:22 DEBUG GEOparse - SAMPLE: GSM1692183
25-Sep-2026 17:15:22 DEBUG GEOparse - SAMPLE: GSM1692184
25-Sep-2026 17:15:22 DEBUG GEOparse - SAMPLE: GSM1692185
25-Sep-2026 17:15:23 DEBUG GEOparse - SAMPLE: GSM1692186
25-Sep-2026 17:15:23 DEBUG GEOparse - SAMPLE: GSM1692187
25-Sep-2026 17:15:23 DEBUG GEOparse - SAMPLE: GSM1692188
25-Sep-2026 17:15:23 DEBUG GEOparse - SAMPLE: GSM1692189
25-Sep-2026 17:15:23 DEBUG GEOparse - SAMPLE: GSM1692190
25-Sep-2026 17:15:23 DEBUG GEOparse - SAMPLE: GSM1692191
25-Sep-2026 17:15:23 DEBUG GEOparse - SAMPLE: GSM1692192
25-Sep-2026 17:15:23 DEBUG GEOparse - SAMPLE: GSM1692193
25-Sep-2026 17:15:23 DEBUG GEOparse - SAMPLE: GSM1692194
25-Sep-2026 17:15:23 DEBUG GEOparse - SAMPLE: GSM1692195
25-Sep-2026 17:15:23 DEBUG GEOparse - SAMPLE: GSM1692196
25-Sep-2026 17:15:23 DEBUG GEOparse - SAMPLE: GSM1692197
25-Sep-2026 17:15:23 DEBUG GEOparse - SAMPLE: GSM1692198
25-Sep-2026 17:15:23 DEBUG GEOparse - SAMPLE: GSM1692199
25-Sep-2026 17:15:23 DEBUG GEOparse - SAMPLE: GSM1692200
25-Sep-2026 17:15:23 DEBUG GEOparse - SAMPLE: GSM1692201
25-Sep-2026 17:15:24 DEBUG GEOparse - SAMPLE: GSM1692202
25-Sep-2026 17:15:24 DEBUG GEOparse - SAMPLE: GSM1692203
25-Sep-2026 17:15:24 DEBUG GEOparse - SAMPLE: GSM1692204
25-Sep-2026 17:15:24 DEBUG GEOparse - SAMPLE: GSM1692205
25-Sep-2026 17:15:24 DEBUG GEOparse - SAMPLE: GSM1692206
25-Sep-2026 17:15:24 DEBUG GEOparse - SAMPLE: GSM1692207
25-Sep-2026 17:15:24 DEBUG GEOparse - SAMPLE: GSM1692208
25-Sep-2026 17:15:24 DEBUG GEOparse - SAMPLE: GSM1692209
25-Sep-2026 17:15:24 DEBUG GEOparse - SAMPLE: GSM1692210
25-Sep-2026 17:15:24 DEBUG GEOparse - SAMPLE: GSM1692211
25-Sep-2026 17:15:24 DEBUG GEOparse - SAMPLE: GSM1692212
25-Sep-2026 17:15:24 DEBUG GEOparse - SAMPLE: GSM1692213
25-Sep-2026 17:15:24 DEBUG GEOparse - SAMPLE: GSM1692214
25-Sep-2026 17:15:25 DEBUG GEOparse - SAMPLE: GSM1692215
25-Sep-2026 17:15:25 DEBUG GEOparse - SAMPLE: GSM1692216
25-Sep-2026 17:15:25 DEBUG GEOparse - SAMPLE: GSM1692217
25-Sep-2026 17:15:25 DEBUG GEOparse - SAMPLE: GSM1692218
25-Sep-2026 17:15:25 DEBUG GEOparse - SAMPLE: GSM1692219
25-Sep-2026 17:15:25 DEBUG GEOparse - SAMPLE: GSM1692220
25-Sep-2026 17:15:25 DEBUG GEOparse - SAMPLE: GSM1692221
25-Sep-2026 17:15:25 DEBUG GEOparse - SAMPLE: GSM1692222
25-Sep-2026 17:15:25 DEBUG GEOparse - SAMPLE: GSM1692223
25-Sep-2026 17:15:25 DEBUG GEOparse - SAMPLE: GSM1692224
25-Sep-2026 17:15:25 DEBUG GEOparse - SAMPLE: GSM1692225
25-Sep-2026 17:15:25 DEBUG GEOparse - SAMPLE: GSM1692226
25-Sep-2026 17:15:25 DEBUG GEOparse - SAMPLE: GSM1692227
25-Sep-2026 17:15:25 DEBUG GEOparse - SAMPLE: GSM1692228
25-Sep-2026 17:15:25 DEBUG GEOparse - SAMPLE: GSM1692229
25-Sep-2026 17:15:25 DEBUG GEOparse - SAMPLE: GSM1692230
25-Sep-2026 17:15:25 DEBUG GEOparse - SAMPLE: GSM1692231
25-Sep-2026 17:15:25 DEBUG GEOparse - SAMPLE: GSM1692232
25-Sep-2026 17:15:25 DEBUG GEOparse - SAMPLE: GSM1692233
25-Sep-2026 17:15:25 DEBUG GEOparse - SAMPLE: GSM1692234
25-Sep-2026 17:15:25 DEBUG GEOparse - SAMPLE: GSM1692235
25-Sep-2026 17:15:25 DEBUG GEOparse - SAMPLE: GSM1692237
25-Sep-2026 17:15:25 DEBUG GEOparse - SAMPLE: GSM1692238
25-Sep-2026 17:15:26 DEBUG GEOparse - SAMPLE: GSM1692239
25-Sep-2026 17:15:26 DEBUG GEOparse - SAMPLE: GSM1692240
25-Sep-2026 17:15:26 DEBUG GEOparse - SAMPLE: GSM1692241
25-Sep-2026 17:15:26 DEBUG GEOparse - SAMPLE: GSM1692242
25-Sep-2026 17:15:26 DEBUG GEOparse - SAMPLE: GSM1692243
25-Sep-2026 17:15:26 DEBUG GEOparse - SAMPLE: GSM1692244
25-Sep-2026 17:15:26 DEBUG GEOparse - SAMPLE: GSM1692245
25-Sep-2026 17:15:26 DEBUG GEOparse - SAMPLE: GSM1692246
25-Sep-2026 17:15:26 DEBUG GEOparse - SAMPLE: GSM1692247
25-Sep-2026 17:15:26 DEBUG GEOparse - SAMPLE: GSM1692248
25-Sep-2026 17:15:26 DEBUG GEOparse - SAMPLE: GSM1692249
25-Sep-2026 17:15:26 DEBUG GEOparse - SAMPLE: GSM1692250
25-Sep-2026 17:15:26 DEBUG GEOparse - SAMPLE: GSM1692251
25-Sep-2026 17:15:26 DEBUG GEOparse - SAMPLE: GSM1692252
25-Sep-2026 17:15:26 DEBUG GEOparse - SAMPLE: GSM1692253
25-Sep-2026 17:15:26 DEBUG GEOparse - SAMPLE: GSM1692254
25-Sep-2026 17:15:26 DEBUG GEOparse - SAMPLE: GSM1692255
25-Sep-2026 17:15:26 DEBUG GEOparse - SAMPLE: GSM1692256
25-Sep-2026 17:15:26 DEBUG GEOparse - SAMPLE: GSM1692257
25-Sep-2026 17:15:26 DEBUG GEOparse - SAMPLE: GSM1692258
25-Sep-2026 17:15:26 DEBUG GEOparse - SAMPLE: GSM1692259
25-Sep-2026 17:15:27 DEBUG GEOparse - SAMPLE: GSM1692260
25-Sep-2026 17:15:27 DEBUG GEOparse - SAMPLE: GSM1692261
25-Sep-2026 17:15:27 DEBUG GEOparse - SAMPLE: GSM1692262
25-Sep-2026 17:15:27 DEBUG GEOparse - SAMPLE: GSM1692263
25-Sep-2026 17:15:27 DEBUG GEOparse - SAMPLE: GSM1692264
25-Sep-2026 17:15:27 DEBUG GEOparse - SAMPLE: GSM1692265
25-Sep-2026 17:15:27 DEBUG GEOparse - SAMPLE: GSM1692266
25-Sep-2026 17:15:27 DEBUG GEOparse - SAMPLE: GSM1692267
25-Sep-2026 17:15:27 DEBUG GEOparse - SAMPLE: GSM1692268
25-Sep-2026 17:15:27 DEBUG GEOparse - SAMPLE: GSM1692269
25-Sep-2026 17:15:27 DEBUG GEOparse - SAMPLE: GSM1692270
25-Sep-2026 17:15:27 DEBUG GEOparse - SAMPLE: GSM1692271
25-Sep-2026 17:15:27 DEBUG GEOparse - SAMPLE: GSM1692272
25-Sep-2026 17:15:27 DEBUG GEOparse - SAMPLE: GSM1692273
25-Sep-2026 17:15:27 DEBUG GEOparse - SAMPLE: GSM1692274
25-Sep-2026 17:15:27 DEBUG GEOparse - SAMPLE: GSM1692275
25-Sep-2026 17:15:27 DEBUG GEOparse - SAMPLE: GSM1692276
25-Sep-2026 17:15:27 DEBUG GEOparse - SAMPLE: GSM1692277
25-Sep-2026 17:15:28 DEBUG GEOparse - SAMPLE: GSM1692278
25-Sep-2026 17:15:28 DEBUG GEOparse - SAMPLE: GSM1692279
25-Sep-2026 17:15:28 DEBUG GEOparse - SAMPLE: GSM1692280
25-Sep-2026 17:15:28 DEBUG GEOparse - SAMPLE: GSM1692281
25-Sep-2026 17:15:28 DEBUG GEOparse - SAMPLE: GSM1692282
25-Sep-2026 17:15:28 DEBUG GEOparse - SAMPLE: GSM1692283
25-Sep-2026 17:15:28 DEBUG GEOparse - SAMPLE: GSM1692284
25-Sep-2026 17:15:28 DEBUG GEOparse - SAMPLE: GSM1692286
25-Sep-2026 17:15:28 DEBUG GEOparse - SAMPLE: GSM1692287
25-Sep-2026 17:15:28 DEBUG GEOparse - SAMPLE: GSM1692288
25-Sep-2026 17:15:28 DEBUG GEOparse - SAMPLE: GSM1692289
25-Sep-2026 17:15:28 DEBUG GEOparse - SAMPLE: GSM1692290
25-Sep-2026 17:15:28 DEBUG GEOparse - SAMPLE: GSM1692291
25-Sep-2026 17:15:28 DEBUG GEOparse - SAMPLE: GSM1692292
25-Sep-2026 17:15:28 DEBUG GEOparse - SAMPLE: GSM1692293
25-Sep-2026 17:15:28 DEBUG GEOparse - SAMPLE: GSM1692294
25-Sep-2026 17:15:28 DEBUG GEOparse - SAMPLE: GSM1692295
25-Sep-2026 17:15:28 DEBUG GEOparse - SAMPLE: GSM1692296
25-Sep-2026 17:15:28 DEBUG GEOparse - SAMPLE: GSM1692297
25-Sep-2026 17:15:29 DEBUG GEOparse - SAMPLE: GSM1692298
25-Sep-2026 17:15:29 DEBUG GEOparse - SAMPLE: GSM1692299
25-Sep-2026 17:15:29 DEBUG GEOparse - SAMPLE: GSM1692300
25-Sep-2026 17:15:29 DEBUG GEOparse - SAMPLE: GSM1692301
25-Sep-2026 17:15:29 DEBUG GEOparse - SAMPLE: GSM1692302
25-Sep-2026 17:15:29 DEBUG GEOparse - SAMPLE: GSM1692303
25-Sep-2026 17:15:29 DEBUG GEOparse - SAMPLE: GSM1692304
25-Sep-2026 17:15:29 DEBUG GEOparse - SAMPLE: GSM1692305
25-Sep-2026 17:15:29 DEBUG GEOparse - SAMPLE: GSM1692306
25-Sep-2026 17:15:29 DEBUG GEOparse - SAMPLE: GSM1692307
25-Sep-2026 17:15:29 DEBUG GEOparse - SAMPLE: GSM1692308
25-Sep-2026 17:15:29 DEBUG GEOparse - SAMPLE: GSM1692309
25-Sep-2026 17:15:29 DEBUG GEOparse - SAMPLE: GSM1692310
25-Sep-2026 17:15:29 DEBUG GEOparse - SAMPLE: GSM1692311
25-Sep-2026 17:15:29 DEBUG GEOparse - SAMPLE: GSM1692312
25-Sep-2026 17:15:29 DEBUG GEOparse - SAMPLE: GSM1692313
25-Sep-2026 17:15:29 DEBUG GEOparse - SAMPLE: GSM1692314
25-Sep-2026 17:15:30 DEBUG GEOparse - SAMPLE: GSM1692315
25-Sep-2026 17:15:30 DEBUG GEOparse - SAMPLE: GSM1692316
25-Sep-2026 17:15:30 DEBUG GEOparse - SAMPLE: GSM1692317
25-Sep-2026 17:15:30 DEBUG GEOparse - SAMPLE: GSM1692318
25-Sep-2026 17:15:30 DEBUG GEOparse - SAMPLE: GSM1692319
25-Sep-2026 17:15:30 DEBUG GEOparse - SAMPLE: GSM1692320
25-Sep-2026 17:15:30 DEBUG GEOparse - SAMPLE: GSM1692321
25-Sep-2026 17:15:30 DEBUG GEOparse - SAMPLE: GSM1692322
25-Sep-2026 17:15:30 DEBUG GEOparse - SAMPLE: GSM1692323
25-Sep-2026 17:15:30 DEBUG GEOparse - SAMPLE: GSM1692324
25-Sep-2026 17:15:30 DEBUG GEOparse - SAMPLE: GSM1692326
25-Sep-2026 17:15:30 DEBUG GEOparse - SAMPLE: GSM1692327
25-Sep-2026 17:15:30 DEBUG GEOparse - SAMPLE: GSM1692328
25-Sep-2026 17:15:30 DEBUG GEOparse - SAMPLE: GSM1692329
25-Sep-2026 17:15:30 DEBUG GEOparse - SAMPLE: GSM1692330
25-Sep-2026 17:15:30 DEBUG GEOparse - SAMPLE: GSM1692331
25-Sep-2026 17:15:30 DEBUG GEOparse - SAMPLE: GSM1692332
25-Sep-2026 17:15:30 DEBUG GEOparse - SAMPLE: GSM1692333
25-Sep-2026 17:15:31 DEBUG GEOparse - SAMPLE: GSM1692334
25-Sep-2026 17:15:31 DEBUG GEOparse - SAMPLE: GSM1692335
25-Sep-2026 17:15:31 DEBUG GEOparse - SAMPLE: GSM1692336
25-Sep-2026 17:15:31 DEBUG GEOparse - SAMPLE: GSM1692337
25-Sep-2026 17:15:31 DEBUG GEOparse - SAMPLE: GSM1692338
25-Sep-2026 17:15:31 DEBUG GEOparse - SAMPLE: GSM1692339
25-Sep-2026 17:15:31 DEBUG GEOparse - SAMPLE: GSM1692340
25-Sep-2026 17:15:31 DEBUG GEOparse - SAMPLE: GSM1692341
25-Sep-2026 17:15:31 DEBUG GEOparse - SAMPLE: GSM1692342
25-Sep-2026 17:15:31 DEBUG GEOparse - SAMPLE: GSM1692343
25-Sep-2026 17:15:31 DEBUG GEOparse - SAMPLE: GSM1692344
25-Sep-2026 17:15:31 DEBUG GEOparse - SAMPLE: GSM1692345
25-Sep-2026 17:15:31 DEBUG GEOparse - SAMPLE: GSM1692346
25-Sep-2026 17:15:31 DEBUG GEOparse - SAMPLE: GSM1692347
25-Sep-2026 17:15:31 DEBUG GEOparse - SAMPLE: GSM1692348
25-Sep-2026 17:15:31 DEBUG GEOparse - SAMPLE: GSM1692349
25-Sep-2026 17:15:31 DEBUG GEOparse - SAMPLE: GSM1692350
25-Sep-2026 17:15:31 DEBUG GEOparse - SAMPLE: GSM1692352
25-Sep-2026 17:15:31 DEBUG GEOparse - SAMPLE: GSM1692353
25-Sep-2026 17:15:32 DEBUG GEOparse - SAMPLE: GSM1692354
25-Sep-2026 17:15:32 DEBUG GEOparse - SAMPLE: GSM1692355
25-Sep-2026 17:15:32 DEBUG GEOparse - SAMPLE: GSM1692356
25-Sep-2026 17:15:32 DEBUG GEOparse - SAMPLE: GSM1692357
25-Sep-2026 17:15:32 DEBUG GEOparse - SAMPLE: GSM1692358
25-Sep-2026 17:15:32 DEBUG GEOparse - SAMPLE: GSM1692359
25-Sep-2026 17:15:32 DEBUG GEOparse - SAMPLE: GSM1692360
25-Sep-2026 17:15:32 DEBUG GEOparse - SAMPLE: GSM1692361
25-Sep-2026 17:15:32 DEBUG GEOparse - SAMPLE: GSM1692362
25-Sep-2026 17:15:32 DEBUG GEOparse - SAMPLE: GSM1692363
25-Sep-2026 17:15:32 DEBUG GEOparse - SAMPLE: GSM1692364
25-Sep-2026 17:15:32 DEBUG GEOparse - SAMPLE: GSM1692365
25-Sep-2026 17:15:32 DEBUG GEOparse - SAMPLE: GSM1692366
25-Sep-2026 17:15:32 DEBUG GEOparse - SAMPLE: GSM1692367
25-Sep-2026 17:15:32 DEBUG GEOparse - SAMPLE: GSM1692368
25-Sep-2026 17:15:32 DEBUG GEOparse - SAMPLE: GSM1692369
25-Sep-2026 17:15:32 DEBUG GEOparse - SAMPLE: GSM1692370
25-Sep-2026 17:15:32 DEBUG GEOparse - SAMPLE: GSM1692371
25-Sep-2026 17:15:33 DEBUG GEOparse - SAMPLE: GSM1692372
25-Sep-2026 17:15:33 DEBUG GEOparse - SAMPLE: GSM1692373
25-Sep-2026 17:15:33 DEBUG GEOparse - SAMPLE: GSM1692374
25-Sep-2026 17:15:33 DEBUG GEOparse - SAMPLE: GSM1692375
25-Sep-2026 17:15:33 DEBUG GEOparse - SAMPLE: GSM1692376
25-Sep-2026 17:15:33 DEBUG GEOparse - SAMPLE: GSM1692377
25-Sep-2026 17:15:33 DEBUG GEOparse - SAMPLE: GSM1692378
25-Sep-2026 17:15:33 DEBUG GEOparse - SAMPLE: GSM1692379
25-Sep-2026 17:15:33 DEBUG GEOparse - SAMPLE: GSM1692380
25-Sep-2026 17:15:33 DEBUG GEOparse - SAMPLE: GSM1692381
25-Sep-2026 17:15:33 DEBUG GEOparse - SAMPLE: GSM1692382
25-Sep-2026 17:15:33 DEBUG GEOparse - SAMPLE: GSM1692383
25-Sep-2026 17:15:33 DEBUG GEOparse - SAMPLE: GSM1692384
25-Sep-2026 17:15:33 DEBUG GEOparse - SAMPLE: GSM1692385
25-Sep-2026 17:15:33 DEBUG GEOparse - SAMPLE: GSM1692386
25-Sep-2026 17:15:33 DEBUG GEOparse - SAMPLE: GSM1692387
25-Sep-2026 17:15:33 DEBUG GEOparse - SAMPLE: GSM1692388
25-Sep-2026 17:15:33 DEBUG GEOparse - SAMPLE: GSM1692389
25-Sep-2026 17:15:33 DEBUG GEOparse - SAMPLE: GSM1692390
25-Sep-2026 17:15:34 DEBUG GEOparse - SAMPLE: GSM1692391
25-Sep-2026 17:15:34 DEBUG GEOparse - SAMPLE: GSM1692392
25-Sep-2026 17:15:34 DEBUG GEOparse - SAMPLE: GSM1692393
25-Sep-2026 17:15:34 DEBUG GEOparse - SAMPLE: GSM1692394
25-Sep-2026 17:15:34 DEBUG GEOparse - SAMPLE: GSM1692395
25-Sep-2026 17:15:34 DEBUG GEOparse - SAMPLE: GSM1692396
25-Sep-2026 17:15:34 DEBUG GEOparse - SAMPLE: GSM1692397
25-Sep-2026 17:15:34 DEBUG GEOparse - SAMPLE: GSM1692398
25-Sep-2026 17:15:34 DEBUG GEOparse - SAMPLE: GSM1692399
25-Sep-2026 17:15:34 DEBUG GEOparse - SAMPLE: GSM1692400
25-Sep-2026 17:15:34 DEBUG GEOparse - SAMPLE: GSM1692402
25-Sep-2026 17:15:34 DEBUG GEOparse - SAMPLE: GSM1692404
25-Sep-2026 17:15:34 DEBUG GEOparse - SAMPLE: GSM1692405
25-Sep-2026 17:15:34 DEBUG GEOparse - SAMPLE: GSM1692406
25-Sep-2026 17:15:34 DEBUG GEOparse - SAMPLE: GSM1692407
25-Sep-2026 17:15:34 DEBUG GEOparse - SAMPLE: GSM1692408
25-Sep-2026 17:15:34 DEBUG GEOparse - SAMPLE: GSM1692409
25-Sep-2026 17:15:34 DEBUG GEOparse - SAMPLE: GSM1692410
25-Sep-2026 17:15:34 DEBUG GEOparse - SAMPLE: GSM1692411
25-Sep-2026 17:15:35 DEBUG GEOparse - SAMPLE: GSM1692412
25-Sep-2026 17:15:35 DEBUG GEOparse - SAMPLE: GSM1692413
25-Sep-2026 17:15:35 DEBUG GEOparse - SAMPLE: GSM1692414
25-Sep-2026 17:15:35 DEBUG GEOparse - SAMPLE: GSM1692415
25-Sep-2026 17:15:35 DEBUG GEOparse - SAMPLE: GSM1692416
25-Sep-2026 17:15:35 DEBUG GEOparse - SAMPLE: GSM1692417
25-Sep-2026 17:15:35 DEBUG GEOparse - SAMPLE: GSM1692418
25-Sep-2026 17:15:35 DEBUG GEOparse - SAMPLE: GSM1692419
25-Sep-2026 17:15:35 DEBUG GEOparse - SAMPLE: GSM1692420
25-Sep-2026 17:15:35 DEBUG GEOparse - SAMPLE: GSM1692421
25-Sep-2026 17:15:35 DEBUG GEOparse - SAMPLE: GSM1692422
25-Sep-2026 17:15:35 DEBUG GEOparse - SAMPLE: GSM1692423
25-Sep-2026 17:15:35 DEBUG GEOparse - SAMPLE: GSM1692424
25-Sep-2026 17:15:35 DEBUG GEOparse - SAMPLE: GSM1692425
25-Sep-2026 17:15:35 DEBUG GEOparse - SAMPLE: GSM1692426
25-Sep-2026 17:15:35 DEBUG GEOparse - SAMPLE: GSM1692427
25-Sep-2026 17:15:35 DEBUG GEOparse - SAMPLE: GSM1692428
25-Sep-2026 17:15:35 DEBUG GEOparse - SAMPLE: GSM1692429
25-Sep-2026 17:15:36 DEBUG GEOparse - SAMPLE: GSM1692430
25-Sep-2026 17:15:36 DEBUG GEOparse - SAMPLE: GSM1692431
25-Sep-2026 17:15:36 DEBUG GEOparse - SAMPLE: GSM1692432
25-Sep-2026 17:15:36 DEBUG GEOparse - SAMPLE: GSM1692433
25-Sep-2026 17:15:36 DEBUG GEOparse - SAMPLE: GSM1692434
25-Sep-2026 17:15:36 DEBUG GEOparse - SAMPLE: GSM1692435
25-Sep-2026 17:15:36 DEBUG GEOparse - SAMPLE: GSM1692436
25-Sep-2026 17:15:36 DEBUG GEOparse - SAMPLE: GSM1692437
25-Sep-2026 17:15:36 DEBUG GEOparse - SAMPLE: GSM1692438
25-Sep-2026 17:15:36 DEBUG GEOparse - SAMPLE: GSM1692439
25-Sep-2026 17:15:36 DEBUG GEOparse - SAMPLE: GSM1692440
25-Sep-2026 17:15:36 DEBUG GEOparse - SAMPLE: GSM1692441
25-Sep-2026 17:15:36 DEBUG GEOparse - SAMPLE: GSM1692442
25-Sep-2026 17:15:36 DEBUG GEOparse - SAMPLE: GSM1692443
25-Sep-2026 17:15:36 DEBUG GEOparse - SAMPLE: GSM1692444
25-Sep-2026 17:15:36 DEBUG GEOparse - SAMPLE: GSM1692445
25-Sep-2026 17:15:36 DEBUG GEOparse - SAMPLE: GSM1692446
25-Sep-2026 17:15:37 DEBUG GEOparse - SAMPLE: GSM1692447
25-Sep-2026 17:15:37 DEBUG GEOparse - SAMPLE: GSM1692448
25-Sep-2026 17:15:37 DEBUG GEOparse - SAMPLE: GSM1692449
25-Sep-2026 17:15:37 DEBUG GEOparse - SAMPLE: GSM1692450
25-Sep-2026 17:15:37 DEBUG GEOparse - SAMPLE: GSM1692451
25-Sep-2026 17:15:37 DEBUG GEOparse - SAMPLE: GSM1692452
25-Sep-2026 17:15:37 DEBUG GEOparse - SAMPLE: GSM1692453
25-Sep-2026 17:15:37 DEBUG GEOparse - SAMPLE: GSM1692454
25-Sep-2026 17:15:37 DEBUG GEOparse - SAMPLE: GSM1692455
25-Sep-2026 17:15:37 DEBUG GEOparse - SAMPLE: GSM1692456
25-Sep-2026 17:15:37 DEBUG GEOparse - SAMPLE: GSM1692457
25-Sep-2026 17:15:37 DEBUG GEOparse - SAMPLE: GSM1692458
25-Sep-2026 17:15:37 DEBUG GEOparse - SAMPLE: GSM1692459
25-Sep-2026 17:15:37 DEBUG GEOparse - SAMPLE: GSM1692460
25-Sep-2026 17:15:37 DEBUG GEOparse - SAMPLE: GSM1692461
25-Sep-2026 17:15:37 DEBUG GEOparse - SAMPLE: GSM1692462
25-Sep-2026 17:15:38 DEBUG GEOparse - SAMPLE: GSM1692463
25-Sep-2026 17:15:38 DEBUG GEOparse - SAMPLE: GSM1692465
25-Sep-2026 17:15:38 DEBUG GEOparse - SAMPLE: GSM1692466
25-Sep-2026 17:15:38 DEBUG GEOparse - SAMPLE: GSM1692467
25-Sep-2026 17:15:38 DEBUG GEOparse - SAMPLE: GSM1692468
25-Sep-2026 17:15:38 DEBUG GEOparse - SAMPLE: GSM1692469
25-Sep-2026 17:15:38 DEBUG GEOparse - SAMPLE: GSM1692470
25-Sep-2026 17:15:38 DEBUG GEOparse - SAMPLE: GSM1692471
25-Sep-2026 17:15:38 DEBUG GEOparse - SAMPLE: GSM1692472
25-Sep-2026 17:15:38 DEBUG GEOparse - SAMPLE: GSM1692473
25-Sep-2026 17:15:38 DEBUG GEOparse - SAMPLE: GSM1692474
25-Sep-2026 17:15:38 DEBUG GEOparse - SAMPLE: GSM1692475
25-Sep-2026 17:15:38 DEBUG GEOparse - SAMPLE: GSM1692476
25-Sep-2026 17:15:39 DEBUG GEOparse - SAMPLE: GSM1692477
25-Sep-2026 17:15:39 DEBUG GEOparse - SAMPLE: GSM1692478
25-Sep-2026 17:15:39 DEBUG GEOparse - SAMPLE: GSM1692479
25-Sep-2026 17:15:39 DEBUG GEOparse - SAMPLE: GSM1692480
25-Sep-2026 17:15:39 DEBUG GEOparse - SAMPLE: GSM1692481
25-Sep-2026 17:15:39 DEBUG GEOparse - SAMPLE: GSM1692482
25-Sep-2026 17:15:39 DEBUG GEOparse - SAMPLE: GSM1692483
25-Sep-2026 17:15:39 DEBUG GEOparse - SAMPLE: GSM1692484
25-Sep-2026 17:15:39 DEBUG GEOparse - SAMPLE: GSM1692485
25-Sep-2026 17:15:39 DEBUG GEOparse - SAMPLE: GSM1692487
25-Sep-2026 17:15:39 DEBUG GEOparse - SAMPLE: GSM1692488
25-Sep-2026 17:15:39 DEBUG GEOparse - SAMPLE: GSM1692489
25-Sep-2026 17:15:39 DEBUG GEOparse - SAMPLE: GSM1692490
25-Sep-2026 17:15:39 DEBUG GEOparse - SAMPLE: GSM1692491
25-Sep-2026 17:15:39 DEBUG GEOparse - SAMPLE: GSM1692492
25-Sep-2026 17:15:40 DEBUG GEOparse - SAMPLE: GSM1692493
25-Sep-2026 17:15:40 DEBUG GEOparse - SAMPLE: GSM1692494
25-Sep-2026 17:15:40 DEBUG GEOparse - SAMPLE: GSM1692495
25-Sep-2026 17:15:40 DEBUG GEOparse - SAMPLE: GSM1692496
25-Sep-2026 17:15:40 DEBUG GEOparse - SAMPLE: GSM1692497
25-Sep-2026 17:15:40 DEBUG GEOparse - SAMPLE: GSM1692498
25-Sep-2026 17:15:40 DEBUG GEOparse - SAMPLE: GSM1692499
25-Sep-2026 17:15:40 DEBUG GEOparse - SAMPLE: GSM1692501
25-Sep-2026 17:15:40 DEBUG GEOparse - SAMPLE: GSM1692502
25-Sep-2026 17:15:40 DEBUG GEOparse - SAMPLE: GSM1692503
25-Sep-2026 17:15:40 DEBUG GEOparse - SAMPLE: GSM1692504
样本数: 802
原始表达矩阵: (24646, 802)
GPL: GPL13667 | 注释列: Gene Symbol
基因级表达矩阵: (11519, 802)
pData 列: ['sample', 'title', 'geo_accession', 'status', 'submission_date', 'last_update_date', 'type', 'channel_count', 'source_name_ch1', 'organism_ch1', 'taxid_ch1', 'characteristics_ch1.0.gender', 'characteristics_ch1.1.age', 'characteristics_ch1.2.pneumonia diagnoses', 'characteristics_ch1.3.thrombocytopenia', 'characteristics_ch1.4.endotype_cohort', 'characteristics_ch1.5.endotype_class', 'characteristics_ch1.6.mortality_event_28days', 'characteristics_ch1.7.time_to_event_28days', 'characteristics_ch1.8.icu_acquired_infection', 'characteristics_ch1.9.icu_acquired_infection_paired', 'characteristics_ch1.10.diabetes_mellitus', 'characteristics_ch1.11.abdominal_sepsis_and_controls', 'treatment_protocol_ch1', 'growth_protocol_ch1', 'molecule_ch1', 'extract_protocol_ch1', 'label_ch1', 'label_protocol_ch1', 'hyb_protocol', 'scan_protocol', 'description', 'data_processing', 'platform_id', 'contact_name', 'contact_email', 'contact_institute', 'contact_address', 'contact_city', 'contact_zip/postal_code', 'contact_country', 'supplementary_file', 'series_id', 'data_row_count']
  [source_name_ch1] unique(1): ['whole blood']
  [characteristics_ch1.0.gender] unique(2): ['male', 'female']
  [characteristics_ch1.1.age] unique(75): ['64', '46', '69', '60', '54', '31', '59', '26']
  [characteristics_ch1.2.pneumonia diagnoses] unique(4): ['no-cap', 'cap', 'NA', 'hap']
  [characteristics_ch1.4.endotype_cohort] unique(3): ['NA', 'discovery', 'validation']
  [characteristics_ch1.5.endotype_class] unique(5): ['NA', 'Mars2', 'Mars3', 'Mars4', 'Mars1']
  [characteristics_ch1.6.mortality_event_28days] unique(3): ['NA', '0', '1']
  [characteristics_ch1.11.abdominal_sepsis_and_controls] unique(3): ['NA', 'abdo_s', 'ctrl_GI']
D:\2026.9\极速交付9月会员日优惠套路\05_多组学+虚拟敲除药物发现\方案三_脓毒症免疫失调枢纽基因与虚拟敲除药物重定位\02_scripts\python\00_geo_download.py:72: FutureWarning: Downcasting behavior in `replace` is deprecated and will be removed in a future version. To retain the old behavior, explicitly call `result.infer_objects(copy=False)`. To opt-in to the future behavior, set `pd.set_option('future.no_silent_downcasting', True)`
  out["mars_endotype"] = out["mars_endotype"].replace({"":np.nan})
D:\2026.9\极速交付9月会员日优惠套路\05_多组学+虚拟敲除药物发现\方案三_脓毒症免疫失调枢纽基因与虚拟敲除药物重定位\02_scripts\python\00_geo_download.py:77: FutureWarning: Downcasting behavior in `replace` is deprecated and will be removed in a future version. To retain the old behavior, explicitly call `result.infer_objects(copy=False)`. To opt-in to the future behavior, set `pd.set_option('future.no_silent_downcasting', True)`
  out["death_28d"] = out["death_28d"].replace({"":np.nan})
派生表型列: ['sample', 'mars_endotype', 'death_28d', 'group', 'characteristics_ch1.0.gender', 'characteristics_ch1.1.age', 'characteristics_ch1.2.pneumonia_diagnoses', 'characteristics_ch1.3.thrombocytopenia', 'characteristics_ch1.8.icu_acquired_infection', 'characteristics_ch1.9.icu_acquired_infection_paired', 'characteristics_ch1.10.diabetes_mellitus']
   group : sepsis=802
   mars_endotype : nan=802
   death_28d : nan=802
>>> 解析完成
