During startup - Warning messages:
1: Setting LC_COLLATE=C.UTF-8 failed 
2: Setting LC_CTYPE=C.UTF-8 failed 
3: Setting LC_MONETARY=C.UTF-8 failed 
4: Setting LC_TIME=C.UTF-8 failed 
Warning messages:
1: In dir.create(d, recursive = TRUE) :
  cannot create dir 'D:\2026.9\fi', reason 'Invalid argument'
2: In dir.create(d, recursive = TRUE) :
  cannot create dir 'D:\2026.9\fi', reason 'Invalid argument'
3: In dir.create(d, recursive = TRUE) :
  cannot create dir 'D:\2026.9\fi', reason 'Invalid argument'
Loading required package: GEOquery
Loading required package: Biobase
Loading required package: BiocGenerics

Attaching package: 'BiocGenerics'

The following objects are masked from 'package:stats':

    IQR, mad, sd, var, xtabs

The following objects are masked from 'package:base':

    Filter, Find, Map, Position, Reduce, anyDuplicated, aperm, append,
    as.data.frame, basename, cbind, colnames, dirname, do.call,
    duplicated, eval, evalq, get, grep, grepl, intersect, is.unsorted,
    lapply, mapply, match, mget, order, paste, pmax, pmax.int, pmin,
    pmin.int, rank, rbind, rownames, sapply, saveRDS, setdiff, table,
    tapply, union, unique, unsplit, which.max, which.min

Welcome to Bioconductor

    Vignettes contain introductory material; view with
    'browseVignettes()'. To cite Bioconductor, see
    'citation("Biobase")', and for packages 'citation("pkgname")'.

Setting options('download.file.method.GEOquery'='auto')
Setting options('GEOquery.inmemory.gpl'=FALSE)
Error in getGSE(gse_id, destdir = out_dir, getGPL = FALSE) : 
  could not find function "getGSE"
Calls: download_one_gse
Execution halted
